[log] writing to /content/drive/MyDrive/KLTN_OCSD/results/logs/run_20260928_191630.log
[env] {"time": "2026-09-28 19:16:30", "python": "3.13.15", "torch": "2.11.0+cu128", "torchvision": "0.26.0+cu128", "diffusers": "0.40.0", "transformers": "5.17.0", "peft": "0.21.0", "accelerate": "1.15.0", "huggingface_hub": "1.33.0", "torchmetrics": "1.9.0", "controlnet_aux": "0.0.10", "numpy": "2.1.3", "gpu": "NVIDIA A100-SXM4-80GB", "vram_gb": 79.3, "git": "f77cc42 Write run logs, per-stage status and tracebacks to Drive; skip finished stages"}
ExperimentConfig(backbone='sd15', seeds=[0], tier='pilot', eval_detector='owlv2', det_thr=0.3, match_iou=0.1, rel_delta=0.05, fp16=True)

==================== STAGE A_data ====================
[skip] A_data: benchmarks for tier 'pilot' already built (/content/drive/MyDrive/KLTN_OCSD/data/benchmarks/.done_pilot.json)
==================== STAGE A_data OK (0.0 min) ====================
E3_quickdraw_free        36 scenes x  7 methods x 1 seeds -> 0 images left
E3_quickdraw_trained      8 scenes x  2 methods x 1 seeds -> 16 images left
E3_coco_free              8 scenes x  7 methods x 1 seeds -> 38 images left
E3_coco_trained           4 scenes x  2 methods x 1 seeds -> 8 images left
E4_ablation               4 scenes x 11 methods x 1 seeds -> 44 images left
alpha                     4 scenes x  6 methods x 1 seeds -> 24 images left

==================== STAGE B_generate ====================

!!! STAGE B_generate FAILED: SafetensorError: Error while deserializing header: header too large
!!! traceback saved to /content/drive/MyDrive/KLTN_OCSD/results/logs/errors/B_generate_20260928_191747.txt

Traceback (most recent call last):
  File "/content/KLTN_OCSD/ocsd/runlog.py", line 132, in stage
    yield
  File "/tmp/ipykernel_767/256484334.py", line 5, in <cell line: 0>
    eng, vis = stages.generate(P, E, max_minutes=MAX_MINUTES)
               ~~~~~~~~~~~~~~~^^^^^^^^^^^^^^^^^^^^^^^^^^^^^^^
  File "/content/KLTN_OCSD/ocsd/stages.py", line 158, in generate
    eng = Engine.from_pretrained(E.backbone, "cuda", E.fp16)
  File "/content/KLTN_OCSD/ocsd/engine.py", line 42, in from_pretrained
    te = CLIPTextModel.from_pretrained(b["sd"], subfolder="text_encoder", **kw).to(device)  # fp32 (học nhúng)
         ~~~~~~~~~~~~~~~~~~~~~~~~~~~~~^^^^^^^^^^^^^^^^^^^^^^^^^^^^^^^^^^^^^^^^^
  File "/usr/local/lib/python3.13/dist-packages/transformers/modeling_utils.py", line 4313, in from_pretrained
    loading_info, disk_offload_index = cls._load_pretrained_model(model, state_dict, checkpoint_files, load_config)
                                       ~~~~~~~~~~~~~~~~~~~~~~~~~~^^^^^^^^^^^^^^^^^^^^^^^^^^^^^^^^^^^^^^^^^^^^^^^^^^
  File "/usr/local/lib/python3.13/dist-packages/transformers/modeling_utils.py", line 4444, in _load_pretrained_model
    file_pointer = safe_open(file, framework="pt", device=device, backend=backend)
safetensors._safetensors_rust.SafetensorError: Error while deserializing header: header too large

==================== STAGE C_evaluate ====================
quickdraw/abl_alpha0: 0 ảnh đã đánh giá (+0)
quickdraw/abl_bg_only: 0 ảnh đã đánh giá (+0)
quickdraw/abl_global_only: 0 ảnh đã đánh giá (+0)
quickdraw/abl_k1: 0 ảnh đã đánh giá (+0)
quickdraw/abl_no_attsep: 0 ảnh đã đánh giá (+0)
quickdraw/abl_no_blend: 0 ảnh đã đánh giá (+0)
quickdraw/abl_no_energy: 0 ảnh đã đánh giá (+0)
quickdraw/abl_no_m5: 0 ảnh đã đánh giá (+0)
quickdraw/abl_no_region: 0 ảnh đã đánh giá (+0)
quickdraw/abl_no_scenecn: 0 ảnh đã đánh giá (+0)
quickdraw/abl_no_verify: 0 ảnh đã đánh giá (+0)
quickdraw/alpha_0.4: 0 ảnh đã đánh giá (+0)
quickdraw/alpha_0.5: 0 ảnh đã đánh giá (+0)
quickdraw/alpha_0.6: 0 ảnh đã đánh giá (+0)
quickdraw/alpha_0.7: 0 ảnh đã đánh giá (+0)
quickdraw/alpha_0.8: 0 ảnh đã đánh giá (+0)
quickdraw/alpha_1.0: 0 ảnh đã đánh giá (+0)

!!! STAGE C_evaluate FAILED: SafetensorError: Error while deserializing header: header too large
!!! traceback saved to /content/drive/MyDrive/KLTN_OCSD/results/logs/errors/C_evaluate_20260928_191840.txt

Traceback (most recent call last):
  File "/content/KLTN_OCSD/ocsd/runlog.py", line 132, in stage
    yield
  File "/tmp/ipykernel_767/3738817580.py", line 5, in <cell line: 0>
    vis = stages.evaluate(P, E, vis=vis, fid=True)
  File "/content/KLTN_OCSD/ocsd/stages.py", line 245, in evaluate
    evaluate_images(P.outputs, P.benchmarks, split, methods, seeds, vis, P.results, detector=E.eval_detector,
    ~~~~~~~~~~~~~~~^^^^^^^^^^^^^^^^^^^^^^^^^^^^^^^^^^^^^^^^^^^^^^^^^^^^^^^^^^^^^^^^^^^^^^^^^^^^^^^^^^^^^^^^^^
                    det_thr=E.det_thr, iou_thr=E.match_iou, scene_dirs=scenes)
                    ^^^^^^^^^^^^^^^^^^^^^^^^^^^^^^^^^^^^^^^^^^^^^^^^^^^^^^^^^^
  File "/content/KLTN_OCSD/ocsd/metrics.py", line 61, in evaluate_images
    row = _eval_one(m, sid, s, sdir, p, split, vis, det_fn, det_thr, iou_thr, out_root)
  File "/content/KLTN_OCSD/ocsd/metrics.py", line 91, in _eval_one
    row["clip"] = float(vis.clip.score([img], [scene.caption])[0])
                        ^^^^^^^^
  File "/content/KLTN_OCSD/ocsd/vision.py", line 168, in clip
    return self._get("clip", CLIPScorer)
           ~~~~~~~~~^^^^^^^^^^^^^^^^^^^^
  File "/content/KLTN_OCSD/ocsd/vision.py", line 151, in _get
    self._m[key] = cls(self.device, cache_dir=self.cache_dir)
                   ~~~^^^^^^^^^^^^^^^^^^^^^^^^^^^^^^^^^^^^^^^
  File "/content/KLTN_OCSD/ocsd/vision.py", line 105, in __init__
    self.model = CLIPModel.from_pretrained(model_id, cache_dir=cache_dir).to(device).eval()
                 ~~~~~~~~~~~~~~~~~~~~~~~~~^^^^^^^^^^^^^^^^^^^^^^^^^^^^^^^
  File "/usr/local/lib/python3.13/dist-packages/transformers/modeling_utils.py", line 4313, in from_pretrained
    loading_info, disk_offload_index = cls._load_pretrained_model(model, state_dict, checkpoint_files, load_config)
                                       ~~~~~~~~~~~~~~~~~~~~~~~~~~^^^^^^^^^^^^^^^^^^^^^^^^^^^^^^^^^^^^^^^^^^^^^^^^^^
  File "/usr/local/lib/python3.13/dist-packages/transformers/modeling_utils.py", line 4444, in _load_pretrained_model
    file_pointer = safe_open(file, framework="pt", device=device, backend=backend)
safetensors._safetensors_rust.SafetensorError: Error while deserializing header: header too large

==================== STAGE D_report ====================
E3_quickdraw_free           252/252 ảnh
E3_quickdraw_trained          0/16 ảnh
E3_coco_free                 18/56 ảnh
E3_coco_trained               0/8 ảnh
E4_ablation                   0/44 ảnh
alpha                         0/24 ảnh
# Kết quả thực nghiệm OCSD (2026-09-28 19:18:40)

Tier: pilot; backbone: sd15; seeds: [0]; bộ phát hiện đánh giá: owlv2

Phần cứng: {"python": "3.13.15", "torch": "2.11.0+cu128", "gpu": "NVIDIA A100-SXM4-80GB", "vram_gb": 79.3, "diffusers": "0.40.0", "transformers": "5.17.0", "cpu": "Intel(R) Xeon(R) CPU @ 2.20GHz", "ram_gb": 167.1}


==================== STAGE D_report OK (0.0 min) ====================

Stage status:
  A_data                   ok              0.0 min  benchmarks for tier 'pilot' already built (/content/drive/MyDrive/KLTN_OCSD/data/benchmarks/.done_pilot.json)
  B_generate               failed          0.5 min  SafetensorError: Error while deserializing header: header too large
  C_evaluate               failed          0.9 min  SafetensorError: Error while deserializing header: header too large
  D_report                 ok              0.0 min  

Most recent error:
stage: C_evaluate
context: 
time: 20260928_191840
log: /content/drive/MyDrive/KLTN_OCSD/results/logs/run_20260928_191630.log

Traceback (most recent call last):
  File "/content/KLTN_OCSD/ocsd/runlog.py", line 132, in stage
    yield
  File "/tmp/ipykernel_767/3738817580.py", line 5, in <cell line: 0>
    vis = stages.evaluate(P, E, vis=vis, fid=True)
  File "/content/KLTN_OCSD/ocsd/stages.py", line 245, in evaluate
    evaluate_images(P.outputs, P.benchmarks, split, methods, seeds, vis, P.results, detector=E.eval_detector,
    ~~~~~~~~~~~~~~~^^^^^^^^^^^^^^^^^^^^^^^^^^^^^^^^^^^^^^^^^^^^^^^^^^^^^^^^^^^^^^^^^^^^^^^^^^^^^^^^^^^^^^^^^^
                    det_thr=E.det_thr, iou_thr=E.match_iou, scene_dirs=scenes)
                    ^^^^^^^^^^^^^^^^^^^^^^^^^^^^^^^^^^^^^^^^^^^^^^^^^^^^^^^^^^
  File "/content/KLTN_OCSD/ocsd/metrics.py", line 61, in evaluate_images
    row = _eval_one(m, sid, s, sdir, p, split, vis, det_fn, det_thr, iou_thr, out_root)
  File "/content/KLTN_OCSD/ocsd/metrics.py", line 91, in _eval_one
    row["clip"] = float(vis.clip.score([img], [scene.caption])[0])
                        ^^^^^^^^
  File "/content/KLTN_OCSD/ocsd/vision.py", line 168, in clip
    return self._get("clip", CLIPScorer)
           ~~~~~~~~~^^^^^^^^^^^^^^^^^^^^
  File "/content/KLTN_OCSD/ocsd/vision.py", line 151, in _get
    self._m[key] = cls(self.device, cache_dir=self.cache_dir)
                   ~~~^^^^^^^^^^^^^^^^^^^^^^^^^^^^^^^^^^^^^^^
  File "/content/KLTN_OCSD/ocsd/vision.py", line 105, in __init__
    self.model = CLIPModel.from_pretrained(model_id, cache_dir=cache_dir).to(device).eval()
                 ~~~~~~~~~~~~~~~~~~~~~~~~~^^^^^^^^^^^^^^^^^^^^^^^^^^^^^^^
  File "/usr/local/lib/python3.13/dist-packages/transformers/modeling_utils.py", line 4313, in from_pretrained
    loading_info, disk_offload_index = cls._load_pretrained_model(model, state_dict, checkpoint_files, load_config)
                                       ~~~~~~~~~~~~~~~~~~~~~~~~~~^^^^^^^^^^^^^^^^^^^^^^^^^^^^^^^^^^^^^^^^^^^^^^^^^^
  File "/usr/local/lib/python3.13/dist-packages/transformers/modeling_utils.py", line 4444, in _load_pretrained_model
    file_pointer = safe_open(file, framework="pt", device=device, backend=backend)
safetensors._safetensors_rust.SafetensorError: Error while deserializing header: header too large


env: {"time": "2026-09-28 19:18:40", "python": "3.13.15", "torch": "2.11.0+cu128", "torchvision": "0.26.0+cu128", "diffusers": "0.40.0", "transformers": "5.17.0", "peft": "0.21.0", "accelerate": "1.15.0", "huggingface_hub": "1.33.0", "torchmetrics": "1.9.0", "controlnet_aux": "0.0.10", "numpy": "2.1.3", "gpu": "NVIDIA A100-SXM4-80GB", "vram_gb": 79.3}

Drive already mounted at /content/drive; to attempt to forcibly remount, call drive.mount("/content/drive", force_remount=True).
name, memory.total [MiB]
NVIDIA A100-SXM4-80GB, 81920 MiB

Mã nguồn: /content/KLTN_OCSD d5a8b1f Keep HF cache on local disk and repair broken safetensors files

 
[log] writing to /content/drive/MyDrive/KLTN_OCSD/results/logs/run_20260928_191630.log
[env] {"time": "2026-09-28 19:44:30", "python": "3.13.15", "torch": "2.11.0+cu128", "torchvision": "0.26.0+cu128", "diffusers": "0.40.0", "transformers": "5.17.0", "peft": "0.21.0", "accelerate": "1.15.0", "huggingface_hub": "1.33.0", "torchmetrics": "1.9.0", "controlnet_aux": "0.0.10", "numpy": "2.1.3", "gpu": "NVIDIA A100-SXM4-80GB", "vram_gb": 79.3, "git": "d5a8b1f Keep HF cache on local disk and repair broken safetensors files"}
ExperimentConfig(backbone='sd15', seeds=[0], tier='pilot', eval_detector='owlv2', det_thr=0.3, match_iou=0.1, rel_delta=0.05, fp16=True)

==================== STAGE A_data ====================
[skip] A_data: benchmarks for tier 'pilot' already built (/content/drive/MyDrive/KLTN_OCSD/data/benchmarks/.done_pilot.json)
==================== STAGE A_data OK (0.0 min) ====================
E3_quickdraw_free        36 scenes x  7 methods x 1 seeds -> 0 images left
E3_quickdraw_trained      8 scenes x  2 methods x 1 seeds -> 16 images left
E3_coco_free              8 scenes x  7 methods x 1 seeds -> 38 images left
E3_coco_trained           4 scenes x  2 methods x 1 seeds -> 8 images left
E4_ablation               4 scenes x 11 methods x 1 seeds -> 44 images left
alpha                     4 scenes x  6 methods x 1 seeds -> 24 images left

==================== STAGE B_generate ====================

!!! STAGE B_generate FAILED: SafetensorError: Error while deserializing header: header too large
!!! traceback saved to /content/drive/MyDrive/KLTN_OCSD/results/logs/errors/B_generate_20260928_194431.txt

Traceback (most recent call last):
  File "/content/KLTN_OCSD/ocsd/runlog.py", line 132, in stage
    yield
  File "/tmp/ipykernel_767/256484334.py", line 5, in <cell line: 0>
    eng, vis = stages.generate(P, E, max_minutes=MAX_MINUTES)
               ~~~~~~~~~~~~~~~^^^^^^^^^^^^^^^^^^^^^^^^^^^^^^^
  File "/content/KLTN_OCSD/ocsd/stages.py", line 158, in generate
    eng = Engine.from_pretrained(E.backbone, "cuda", E.fp16)
  File "/content/KLTN_OCSD/ocsd/engine.py", line 42, in from_pretrained
    te = CLIPTextModel.from_pretrained(b["sd"], subfolder="text_encoder", **kw).to(device)  # fp32 (học nhúng)
         ~~~~~~~~~~~~~~~~~~~~~~~~~~~~~^^^^^^^^^^^^^^^^^^^^^^^^^^^^^^^^^^^^^^^^^
  File "/usr/local/lib/python3.13/dist-packages/transformers/modeling_utils.py", line 4313, in from_pretrained
    loading_info, disk_offload_index = cls._load_pretrained_model(model, state_dict, checkpoint_files, load_config)
                                       ~~~~~~~~~~~~~~~~~~~~~~~~~~^^^^^^^^^^^^^^^^^^^^^^^^^^^^^^^^^^^^^^^^^^^^^^^^^^
  File "/usr/local/lib/python3.13/dist-packages/transformers/modeling_utils.py", line 4444, in _load_pretrained_model
    file_pointer = safe_open(file, framework="pt", device=device, backend=backend)
safetensors._safetensors_rust.SafetensorError: Error while deserializing header: header too large

==================== STAGE C_evaluate ====================

!!! STAGE C_evaluate FAILED: SafetensorError: Error while deserializing header: header too large
!!! traceback saved to /content/drive/MyDrive/KLTN_OCSD/results/logs/errors/C_evaluate_20260928_194434.txt

Traceback (most recent call last):
  File "/content/KLTN_OCSD/ocsd/runlog.py", line 132, in stage
    yield
  File "/tmp/ipykernel_767/3738817580.py", line 5, in <cell line: 0>
    vis = stages.evaluate(P, E, vis=vis, fid=True)
  File "/content/KLTN_OCSD/ocsd/stages.py", line 245, in evaluate
    evaluate_images(P.outputs, P.benchmarks, split, methods, seeds, vis, P.results, detector=E.eval_detector,
    ~~~~~~~~~~~~~~~^^^^^^^^^^^^^^^^^^^^^^^^^^^^^^^^^^^^^^^^^^^^^^^^^^^^^^^^^^^^^^^^^^^^^^^^^^^^^^^^^^^^^^^^^^
                    det_thr=E.det_thr, iou_thr=E.match_iou, scene_dirs=scenes)
                    ^^^^^^^^^^^^^^^^^^^^^^^^^^^^^^^^^^^^^^^^^^^^^^^^^^^^^^^^^^
  File "/content/KLTN_OCSD/ocsd/metrics.py", line 44, in evaluate_images
    det_fn = getattr(vis, detector)
  File "/content/KLTN_OCSD/ocsd/vision.py", line 160, in owlv2
    return self._get("owlv2", OWLv2)
           ~~~~~~~~~^^^^^^^^^^^^^^^^
  File "/content/KLTN_OCSD/ocsd/vision.py", line 151, in _get
    self._m[key] = cls(self.device, cache_dir=self.cache_dir)
                   ~~~^^^^^^^^^^^^^^^^^^^^^^^^^^^^^^^^^^^^^^^
  File "/content/KLTN_OCSD/ocsd/vision.py", line 62, in __init__
    self.model = Owlv2ForObjectDetection.from_pretrained(model_id, cache_dir=cache_dir).to(device).eval()
                 ~~~~~~~~~~~~~~~~~~~~~~~~~~~~~~~~~~~~~~~^^^^^^^^^^^^^^^^^^^^^^^^^^^^^^^
  File "/usr/local/lib/python3.13/dist-packages/transformers/modeling_utils.py", line 4313, in from_pretrained
    loading_info, disk_offload_index = cls._load_pretrained_model(model, state_dict, checkpoint_files, load_config)
                                       ~~~~~~~~~~~~~~~~~~~~~~~~~~^^^^^^^^^^^^^^^^^^^^^^^^^^^^^^^^^^^^^^^^^^^^^^^^^^
  File "/usr/local/lib/python3.13/dist-packages/transformers/modeling_utils.py", line 4444, in _load_pretrained_model
    file_pointer = safe_open(file, framework="pt", device=device, backend=backend)
safetensors._safetensors_rust.SafetensorError: Error while deserializing header: header too large

==================== STAGE D_report ====================
E3_quickdraw_free           252/252 ảnh
E3_quickdraw_trained          0/16 ảnh
E3_coco_free                 18/56 ảnh
E3_coco_trained               0/8 ảnh
E4_ablation                   0/44 ảnh
alpha                         0/24 ảnh
# Kết quả thực nghiệm OCSD (2026-09-28 19:44:34)

Tier: pilot; backbone: sd15; seeds: [0]; bộ phát hiện đánh giá: owlv2

Phần cứng: {"python": "3.13.15", "torch": "2.11.0+cu128", "gpu": "NVIDIA A100-SXM4-80GB", "vram_gb": 79.3, "diffusers": "0.40.0", "transformers": "5.17.0", "cpu": "Intel(R) Xeon(R) CPU @ 2.20GHz", "ram_gb": 167.1}


==================== STAGE D_report OK (0.0 min) ====================

Stage status:
  A_data                   ok              0.0 min  benchmarks for tier 'pilot' already built (/content/drive/MyDrive/KLTN_OCSD/data/benchmarks/.done_pilot.json)
  B_generate               failed          0.0 min  SafetensorError: Error while deserializing header: header too large
  C_evaluate               failed          0.0 min  SafetensorError: Error while deserializing header: header too large
  D_report                 ok              0.0 min  

Most recent error:
stage: C_evaluate
context: 
time: 20260928_194434
log: /content/drive/MyDrive/KLTN_OCSD/results/logs/run_20260928_191630.log

Traceback (most recent call last):
  File "/content/KLTN_OCSD/ocsd/runlog.py", line 132, in stage
    yield
  File "/tmp/ipykernel_767/3738817580.py", line 5, in <cell line: 0>
    vis = stages.evaluate(P, E, vis=vis, fid=True)
  File "/content/KLTN_OCSD/ocsd/stages.py", line 245, in evaluate
    evaluate_images(P.outputs, P.benchmarks, split, methods, seeds, vis, P.results, detector=E.eval_detector,
    ~~~~~~~~~~~~~~~^^^^^^^^^^^^^^^^^^^^^^^^^^^^^^^^^^^^^^^^^^^^^^^^^^^^^^^^^^^^^^^^^^^^^^^^^^^^^^^^^^^^^^^^^^
                    det_thr=E.det_thr, iou_thr=E.match_iou, scene_dirs=scenes)
                    ^^^^^^^^^^^^^^^^^^^^^^^^^^^^^^^^^^^^^^^^^^^^^^^^^^^^^^^^^^
  File "/content/KLTN_OCSD/ocsd/metrics.py", line 44, in evaluate_images
    det_fn = getattr(vis, detector)
  File "/content/KLTN_OCSD/ocsd/vision.py", line 160, in owlv2
    return self._get("owlv2", OWLv2)
           ~~~~~~~~~^^^^^^^^^^^^^^^^
  File "/content/KLTN_OCSD/ocsd/vision.py", line 151, in _get
    self._m[key] = cls(self.device, cache_dir=self.cache_dir)
                   ~~~^^^^^^^^^^^^^^^^^^^^^^^^^^^^^^^^^^^^^^^
  File "/content/KLTN_OCSD/ocsd/vision.py", line 62, in __init__
    self.model = Owlv2ForObjectDetection.from_pretrained(model_id, cache_dir=cache_dir).to(device).eval()
                 ~~~~~~~~~~~~~~~~~~~~~~~~~~~~~~~~~~~~~~~^^^^^^^^^^^^^^^^^^^^^^^^^^^^^^^
  File "/usr/local/lib/python3.13/dist-packages/transformers/modeling_utils.py", line 4313, in from_pretrained
    loading_info, disk_offload_index = cls._load_pretrained_model(model, state_dict, checkpoint_files, load_config)
                                       ~~~~~~~~~~~~~~~~~~~~~~~~~~^^^^^^^^^^^^^^^^^^^^^^^^^^^^^^^^^^^^^^^^^^^^^^^^^^
  File "/usr/local/lib/python3.13/dist-packages/transformers/modeling_utils.py", line 4444, in _load_pretrained_model
    file_pointer = safe_open(file, framework="pt", device=device, backend=backend)
safetensors._safetensors_rust.SafetensorError: Error while deserializing header: header too large


env: {"time": "2026-09-28 19:44:34", "python": "3.13.15", "torch": "2.11.0+cu128", "torchvision": "0.26.0+cu128", "diffusers": "0.40.0", "transformers": "5.17.0", "peft": "0.21.0", "accelerate": "1.15.0", "huggingface_hub": "1.33.0", "torchmetrics": "1.9.0", "controlnet_aux": "0.0.10", "numpy": "2.1.3", "gpu": "NVIDIA A100-SXM4-80GB", "vram_gb": 79.3}

